BL51 BANKED LINKER/LOCATER V6.22                                                        12/11/2015  10:51:34  PAGE 1


BL51 BANKED LINKER/LOCATER V6.22, INVOKED BY:
D:\KEIL_V5\C51\BIN\BL51.EXE .\obj\main.obj, .\obj\test.obj, .\obj\gui.obj, .\obj\sys.obj, .\obj\STARTUP.obj, .\obj\touch
>> .obj, .\obj\LCD.obj TO .\obj\ceshi PRINT (.\ceshi.m51) RAMSIZE (256) DISABLEWARNING (16)


MEMORY MODEL: LARGE WITH FLOATING POINT ARITHMETIC


INPUT MODULES INCLUDED:
  .\obj\main.obj (MAIN)
  .\obj\test.obj (TEST)
  .\obj\gui.obj (GUI)
  .\obj\sys.obj (SYS)
  .\obj\STARTUP.obj (?C_STARTUP)
  .\obj\touch.obj (TOUCH)
  .\obj\LCD.obj (LCD)
  D:\KEIL_V5\C51\LIB\C51FPL.LIB (?C?FPADD)
  D:\KEIL_V5\C51\LIB\C51FPL.LIB (?C?FPMUL)
  D:\KEIL_V5\C51\LIB\C51FPL.LIB (?C?FPDIV)
  D:\KEIL_V5\C51\LIB\C51FPL.LIB (?C?FPCMP)
  D:\KEIL_V5\C51\LIB\C51FPL.LIB (?C?FCAST)
  D:\KEIL_V5\C51\LIB\C51FPL.LIB (?C?CASTF)
  D:\KEIL_V5\C51\LIB\C51FPL.LIB (?C?FPGETOPN)
  D:\KEIL_V5\C51\LIB\C51L.LIB (?C_INIT)
  D:\KEIL_V5\C51\LIB\C51L.LIB (?C?CLDPTR)
  D:\KEIL_V5\C51\LIB\C51L.LIB (?C?CLDOPTR)
  D:\KEIL_V5\C51\LIB\C51L.LIB (?C?IMUL)
  D:\KEIL_V5\C51\LIB\C51L.LIB (?C?UIDIV)
  D:\KEIL_V5\C51\LIB\C51L.LIB (?C?IILDX)
  D:\KEIL_V5\C51\LIB\C51L.LIB (?C?ILDIX)
  D:\KEIL_V5\C51\LIB\C51L.LIB (?C?ISTPTR)
  D:\KEIL_V5\C51\LIB\C51L.LIB (?C?LMUL)
  D:\KEIL_V5\C51\LIB\C51L.LIB (?C?ULDIV)
  D:\KEIL_V5\C51\LIB\C51L.LIB (?C?LNEG)
  D:\KEIL_V5\C51\LIB\C51L.LIB (?C?ULCMP)
  D:\KEIL_V5\C51\LIB\C51L.LIB (?C?LSTXDATA)
  D:\KEIL_V5\C51\LIB\C51L.LIB (?C?LSTKXDATA)
  D:\KEIL_V5\C51\LIB\C51L.LIB (?C?OFFXADD)
  D:\KEIL_V5\C51\LIB\C51L.LIB (STRLEN)


LINK MAP OF MODULE:  .\obj\ceshi (MAIN)


            TYPE    BASE      LENGTH    RELOCATION   SEGMENT NAME
            -----------------------------------------------------

            * * * * * * *   D A T A   M E M O R Y   * * * * * * *
            REG     0000H     0008H     ABSOLUTE     "REG BANK 0"
            IDATA   0008H     0001H     UNIT         ?STACK

            * * * * * * *  X D A T A   M E M O R Y  * * * * * * *
            XDATA   0000H     0041H     UNIT         _XDATA_GROUP_
            XDATA   0041H     003DH     UNIT         ?XD?TOUCH_ADJUST?TOUCH
            XDATA   007EH     0011H     UNIT         ?XD?LCD
            XDATA   008FH     0010H     UNIT         ?XD?TOUCH
            XDATA   009FH     000DH     UNIT         ?XD?_LCD_SHOWNUM?GUI
            XDATA   00ACH     000AH     UNIT         ?XD?TEST
BL51 BANKED LINKER/LOCATER V6.22                                                      12/11/2015  10:51:34  PAGE 2


            XDATA   00B6H     0006H     UNIT         ?XD?_MYPOW?GUI
            XDATA   00BCH     0006H     UNIT         ?XD?_LCD_CLEAR?LCD
            XDATA   00C2H     0005H     UNIT         ?XD?READ_TP_ONCE?TOUCH
            XDATA   00C7H     0004H     UNIT         ?XD?_DROW_TOUCH_POINT?TOUCH

            * * * * * * *   C O D E   M E M O R Y   * * * * * * *
            CODE    0000H     0003H     ABSOLUTE     
            CODE    0003H     148EH     UNIT         ?CO?GUI
            CODE    1491H     0EA1H     UNIT         ?CO?TEST
            CODE    2332H     0AB5H     UNIT         ?PR?TOUCH_ADJUST?TOUCH
            CODE    2DE7H     0653H     UNIT         ?C?LIB_CODE
            CODE    343AH     02A1H     UNIT         ?PR?_SHOW_STR?GUI
            CODE    36DBH     0243H     UNIT         ?PR?_GUI_DRAWFONT16?GUI
            CODE    391EH     0243H     UNIT         ?PR?_GUI_DRAWFONT24?GUI
            CODE    3B61H     0243H     UNIT         ?PR?_GUI_DRAWFONT32?GUI
            CODE    3DA4H     0242H     UNIT         ?PR?TOUCH_TEST?TEST
            CODE    3FE6H     021AH     UNIT         ?PR?TEST_COLOR?TEST
            CODE    4200H     0218H     UNIT         ?PR?_LCD_SHOWCHAR?GUI
            CODE    4418H     01F6H     UNIT         ?PR?_GUI_CIRCLE?GUI
            CODE    460EH     01EBH     UNIT         ?PR?_LCD_DRAWLINE?GUI
            CODE    47F9H     01E2H     UNIT         ?PR?TEST_FILLREC?TEST
            CODE    49DBH     015BH     UNIT         ?PR?TEST_CIRCLE?TEST
            CODE    4B36H     0157H     UNIT         ?PR?_ADS_READ_XY?TOUCH
            CODE    4C8DH     013DH     UNIT         ?PR?__DRAW_CIRCLE_8?GUI
            CODE    4DCAH     0139H     UNIT         ?PR?CONVERT_POS?TOUCH
            CODE    4F03H     0131H     UNIT         ?PR?_READ_ADS2?TOUCH
            CODE    5034H     0118H     UNIT         ?PR?_DROW_TOUCH_POINT?TOUCH
            CODE    514CH     0111H     UNIT         ?PR?_LCD_SHOWNUM?GUI
            CODE    525DH     0110H     UNIT         ?PR?LCD_INIT?LCD
            CODE    536DH     00F7H     UNIT         ?PR?_DRAWTESTPAGE?TEST
            CODE    5464H     00F6H     UNIT         ?PR?PIC_TEST?TEST
            CODE    555AH     00E9H     UNIT         ?PR?_LCD_FILL?GUI
            CODE    5643H     00D3H     UNIT         ?PR?_GUI_DRAWBMP16?GUI
            CODE    5716H     00CFH     UNIT         ?PR?ENGLISH_FONT_TEST?TEST
            CODE    57E5H     00C3H     UNIT         ?PR?MAIN_TEST?TEST
            CODE    58A8H     00C2H     UNIT         ?PR?_LCD_SHOWSTRING?GUI
            CODE    596AH     00C0H     UNIT         ?PR?CHINESE_FONT_TEST?TEST
            CODE    5A2AH     00AAH     UNIT         ?PR?_LCD_DRAWRECTANGLE?GUI
            CODE    5AD4H     00A9H     UNIT         ?PR?_LCD_CLEAR?LCD
            CODE    5B7DH     0092H     UNIT         ?PR?_GUI_STRCENTER?GUI
            CODE    5C0FH     008CH     UNIT         ?C_C51STARTUP
            CODE    5C9BH     007BH     UNIT         ?PR?READ_TP_ONCE?TOUCH
            CODE    5D16H     0074H     UNIT         ?PR?_TP_DRAW_BIG_POINT?TOUCH
            CODE    5D8AH     0063H     UNIT         ?PR?_READ_ADS?TOUCH
            CODE    5DEDH     0049H     UNIT         ?PR?_MYPOW?GUI
            CODE    5E36H     003AH     UNIT         ?PR?_LCD_SETWINDOWS?LCD
            CODE    5E70H     003AH     UNIT         ?PR?LCD_SETPARAM?LCD
            CODE    5EAAH     0038H     UNIT         ?CO?TOUCH
            CODE    5EE2H     0033H     UNIT         ?PR?_GUI_DRAWPOINT?GUI
            CODE    5F15H     002CH     UNIT         ?C_INITSEG
            CODE    5F41H     002CH     UNIT         ?PR?_LCD_SETCURSOR?LCD
            CODE    5F6DH     0026H     UNIT         ?PR?_DELAY_MS?SYS
            CODE    5F93H     0026H     UNIT         ?PR?_DELAY_US?SYS
            CODE    5FB9H     0025H     UNIT         ?PR?_LCD_DRAWFILLRECTANGLE?GUI
            CODE    5FDEH     0023H     UNIT         ?PR?MAIN?MAIN
            CODE    6001H     0022H     UNIT         ?PR?READFROMCHARFROM7843?TOUCH
            CODE    6023H     0021H     UNIT         ?PR?_LCD_DRAWPOINT?LCD
BL51 BANKED LINKER/LOCATER V6.22                                                      12/11/2015  10:51:34  PAGE 3


            CODE    6044H     001CH     UNIT         ?PR?_LCD_DRAWPOINT_16BIT?LCD
            CODE    6060H     001BH     UNIT         ?PR?LCD_RESET?LCD
            CODE    607BH     001AH     UNIT         ?PR?_WRITECHARTO7843?TOUCH
            CODE    6095H     0017H     UNIT         ?PR?_ADS_READ_AD?TOUCH
            CODE    60ACH     0015H     UNIT         ?PR?_LCD_WR_DATA?LCD
            CODE    60C1H     0015H     UNIT         ?PR?_STRLEN?STRLEN
            CODE    60D6H     0013H     UNIT         ?PR?_LCD_WR_REG?LCD
            CODE    60E9H     000FH     UNIT         ?PR?_LCD_WRITE_BUS?LCD
            CODE    60F8H     000EH     UNIT         ?PR?_LCD_WRITEREG?LCD
            CODE    6106H     000BH     UNIT         ?PR?LCD_WRITERAM_PREPARE?LCD
            CODE    6111H     0009H     UNIT         ?PR?SPISTAR?TOUCH
            CODE    611AH     0006H     UNIT         ?PR?TPSTATE?TOUCH
            CODE    6120H     0005H     UNIT         ?PR?_LCD_WR_DATA8?LCD



OVERLAY MAP OF MODULE:   .\obj\ceshi (MAIN)


SEGMENT                                  XDATA_GROUP
  +--> CALLED SEGMENT                  START    LENGTH
------------------------------------------------------
?C_C51STARTUP                          -----    -----
  +--> ?PR?MAIN?MAIN
  +--> ?C_INITSEG

?PR?MAIN?MAIN                          -----    -----
  +--> ?PR?LCD_INIT?LCD
  +--> ?PR?MAIN_TEST?TEST
  +--> ?PR?TEST_COLOR?TEST
  +--> ?PR?TEST_FILLREC?TEST
  +--> ?PR?TEST_CIRCLE?TEST
  +--> ?PR?ENGLISH_FONT_TEST?TEST
  +--> ?PR?CHINESE_FONT_TEST?TEST
  +--> ?PR?PIC_TEST?TEST
  +--> ?PR?TOUCH_TEST?TEST

?PR?LCD_INIT?LCD                       -----    -----
  +--> ?PR?LCD_RESET?LCD
  +--> ?PR?_LCD_WR_REG?LCD
  +--> ?PR?_DELAY_MS?SYS
  +--> ?PR?_LCD_WR_DATA?LCD
  +--> ?PR?LCD_SETPARAM?LCD

?PR?LCD_RESET?LCD                      -----    -----
  +--> ?PR?_DELAY_MS?SYS

?PR?_LCD_WR_REG?LCD                    -----    -----
  +--> ?PR?_LCD_WRITE_BUS?LCD

?PR?_LCD_WR_DATA?LCD                   -----    -----
  +--> ?PR?_LCD_WRITE_BUS?LCD

?PR?LCD_SETPARAM?LCD                   -----    -----
  +--> ?PR?_LCD_WRITEREG?LCD

?PR?_LCD_WRITEREG?LCD                  -----    -----
BL51 BANKED LINKER/LOCATER V6.22                                                      12/11/2015  10:51:34  PAGE 4


  +--> ?PR?_LCD_WR_REG?LCD
  +--> ?PR?_LCD_WR_DATA?LCD

?PR?MAIN_TEST?TEST                     -----    -----
  +--> ?CO?TEST
  +--> ?PR?_DRAWTESTPAGE?TEST
  +--> ?PR?_GUI_STRCENTER?GUI
  +--> ?PR?_DELAY_MS?SYS

?PR?_DRAWTESTPAGE?TEST                 0005H    0003H
  +--> ?CO?TEST
  +--> ?PR?_LCD_FILL?GUI
  +--> ?PR?_GUI_STRCENTER?GUI

?PR?_LCD_FILL?GUI                      0009H    000EH
  +--> ?PR?_LCD_SETWINDOWS?LCD

?PR?_LCD_SETWINDOWS?LCD                0039H    0008H
  +--> ?PR?_LCD_WR_REG?LCD
  +--> ?PR?_LCD_WR_DATA?LCD
  +--> ?PR?LCD_WRITERAM_PREPARE?LCD

?PR?LCD_WRITERAM_PREPARE?LCD           -----    -----
  +--> ?PR?_LCD_WR_REG?LCD

?PR?_GUI_STRCENTER?GUI                 0008H    000DH
  +--> ?PR?_STRLEN?STRLEN
  +--> ?PR?_SHOW_STR?GUI

?PR?_SHOW_STR?GUI                      0015H    0010H
  +--> ?PR?_LCD_SHOWCHAR?GUI
  +--> ?PR?_GUI_DRAWFONT32?GUI
  +--> ?PR?_GUI_DRAWFONT24?GUI
  +--> ?PR?_GUI_DRAWFONT16?GUI

?PR?_LCD_SHOWCHAR?GUI                  0025H    0010H
  +--> ?PR?_LCD_SETWINDOWS?LCD
  +--> ?CO?GUI
  +--> ?PR?_LCD_DRAWPOINT_16BIT?LCD
  +--> ?PR?_LCD_DRAWPOINT?LCD

?PR?_LCD_DRAWPOINT?LCD                 -----    -----
  +--> ?PR?_LCD_SETCURSOR?LCD

?PR?_LCD_SETCURSOR?LCD                 0039H    0002H
  +--> ?PR?_LCD_WR_REG?LCD
  +--> ?PR?_LCD_WR_DATA?LCD
  +--> ?PR?LCD_WRITERAM_PREPARE?LCD

?PR?_GUI_DRAWFONT32?GUI                0025H    0014H
  +--> ?CO?GUI
  +--> ?PR?_LCD_SETWINDOWS?LCD
  +--> ?PR?_LCD_DRAWPOINT_16BIT?LCD
  +--> ?PR?_LCD_DRAWPOINT?LCD

?PR?_GUI_DRAWFONT24?GUI                0025H    0014H
  +--> ?CO?GUI
BL51 BANKED LINKER/LOCATER V6.22                                                      12/11/2015  10:51:34  PAGE 5


  +--> ?PR?_LCD_SETWINDOWS?LCD
  +--> ?PR?_LCD_DRAWPOINT_16BIT?LCD
  +--> ?PR?_LCD_DRAWPOINT?LCD

?PR?_GUI_DRAWFONT16?GUI                0025H    0014H
  +--> ?CO?GUI
  +--> ?PR?_LCD_SETWINDOWS?LCD
  +--> ?PR?_LCD_DRAWPOINT_16BIT?LCD
  +--> ?PR?_LCD_DRAWPOINT?LCD

?PR?TEST_COLOR?TEST                    -----    -----
  +--> ?CO?TEST
  +--> ?PR?_DRAWTESTPAGE?TEST
  +--> ?PR?_LCD_FILL?GUI
  +--> ?PR?_SHOW_STR?GUI
  +--> ?PR?_DELAY_MS?SYS

?PR?TEST_FILLREC?TEST                  0000H    0001H
  +--> ?CO?TEST
  +--> ?PR?_DRAWTESTPAGE?TEST
  +--> ?PR?_LCD_FILL?GUI
  +--> ?PR?_LCD_DRAWRECTANGLE?GUI
  +--> ?PR?_DELAY_MS?SYS
  +--> ?PR?_LCD_DRAWFILLRECTANGLE?GUI

?PR?_LCD_DRAWRECTANGLE?GUI             0001H    0008H
  +--> ?PR?_LCD_DRAWLINE?GUI

?PR?_LCD_DRAWLINE?GUI                  0009H    001CH
  +--> ?PR?_LCD_DRAWPOINT?LCD

?PR?_LCD_DRAWFILLRECTANGLE?GUI         0001H    0008H
  +--> ?PR?_LCD_FILL?GUI

?PR?TEST_CIRCLE?TEST                   0000H    0001H
  +--> ?CO?TEST
  +--> ?PR?_DRAWTESTPAGE?TEST
  +--> ?PR?_LCD_FILL?GUI
  +--> ?PR?_GUI_CIRCLE?GUI
  +--> ?PR?_DELAY_MS?SYS

?PR?_GUI_CIRCLE?GUI                    0001H    0012H
  +--> ?PR?__DRAW_CIRCLE_8?GUI

?PR?__DRAW_CIRCLE_8?GUI                0013H    000AH
  +--> ?PR?_GUI_DRAWPOINT?GUI

?PR?_GUI_DRAWPOINT?GUI                 001DH    0002H
  +--> ?PR?_LCD_SETCURSOR?LCD
  +--> ?PR?_LCD_DRAWPOINT_16BIT?LCD

?PR?ENGLISH_FONT_TEST?TEST             -----    -----
  +--> ?CO?TEST
  +--> ?PR?_DRAWTESTPAGE?TEST
  +--> ?PR?_LCD_SHOWSTRING?GUI
  +--> ?PR?_DELAY_MS?SYS

BL51 BANKED LINKER/LOCATER V6.22                                                      12/11/2015  10:51:34  PAGE 6


?PR?_LCD_SHOWSTRING?GUI                0005H    0009H
  +--> ?PR?_LCD_SHOWCHAR?GUI

?PR?CHINESE_FONT_TEST?TEST             -----    -----
  +--> ?CO?TEST
  +--> ?PR?_DRAWTESTPAGE?TEST
  +--> ?PR?_SHOW_STR?GUI
  +--> ?PR?_DELAY_MS?SYS

?PR?PIC_TEST?TEST                      -----    -----
  +--> ?CO?TEST
  +--> ?PR?_DRAWTESTPAGE?TEST
  +--> ?PR?_LCD_FILL?GUI
  +--> ?PR?_GUI_DRAWBMP16?GUI
  +--> ?PR?_SHOW_STR?GUI
  +--> ?PR?_DELAY_MS?SYS

?PR?_GUI_DRAWBMP16?GUI                 0000H    000BH
  +--> ?PR?_LCD_SETWINDOWS?LCD
  +--> ?PR?_LCD_DRAWPOINT_16BIT?LCD

?PR?TOUCH_TEST?TEST                    0000H    0005H
  +--> ?PR?_DRAWTESTPAGE?TEST
  +--> ?CO?TEST
  +--> ?PR?_LCD_SHOWSTRING?GUI
  +--> ?PR?_LCD_FILL?GUI
  +--> ?PR?CONVERT_POS?TOUCH
  +--> ?PR?_DELAY_MS?SYS
  +--> ?PR?_TP_DRAW_BIG_POINT?TOUCH

?PR?CONVERT_POS?TOUCH                  0005H    0001H
  +--> ?PR?_READ_ADS2?TOUCH

?PR?_READ_ADS2?TOUCH                   0006H    000EH
  +--> ?PR?_READ_ADS?TOUCH

?PR?_READ_ADS?TOUCH                    0014H    0008H
  +--> ?PR?_ADS_READ_XY?TOUCH

?PR?_ADS_READ_XY?TOUCH                 001CH    0024H
  +--> ?PR?_ADS_READ_AD?TOUCH

?PR?_ADS_READ_AD?TOUCH                 -----    -----
  +--> ?PR?_WRITECHARTO7843?TOUCH
  +--> ?PR?READFROMCHARFROM7843?TOUCH

?PR?_TP_DRAW_BIG_POINT?TOUCH           0005H    0004H
  +--> ?PR?_LCD_DRAWPOINT?LCD



SYMBOL TABLE OF MODULE:  .\obj\ceshi (MAIN)

  VALUE           TYPE          NAME
  ----------------------------------

  -------         MODULE        MAIN
BL51 BANKED LINKER/LOCATER V6.22                                                      12/11/2015  10:51:34  PAGE 7


  C:0000H         SYMBOL        _ICE_DUMMY_
  D:00B2H         PUBLIC        P3M0
  D:0090H         PUBLIC        P1
  D:00B1H         PUBLIC        P3M1
  D:00B0H         PUBLIC        P3
  C:5FDEH         PUBLIC        main
  -------         PROC          MAIN
  C:5FDEH         LINE#         53
  C:5FDEH         LINE#         54
  C:5FDEH         LINE#         58
  C:5FE4H         LINE#         61
  C:5FE7H         LINE#         63
  C:5FE7H         LINE#         64
  C:5FE7H         LINE#         65
  C:5FEAH         LINE#         66
  C:5FEDH         LINE#         67
  C:5FF0H         LINE#         68
  C:5FF3H         LINE#         69
  C:5FF6H         LINE#         70
  C:5FF9H         LINE#         71
  C:5FFCH         LINE#         72
  C:5FFFH         LINE#         73
  -------         ENDPROC       MAIN
  -------         ENDMOD        MAIN

  -------         MODULE        TEST
  C:0000H         SYMBOL        _ICE_DUMMY_
  D:0090H         PUBLIC        P1
  D:00B0H         PUBLIC        P3
  D:00C0H         PUBLIC        P4
  C:3FE6H         PUBLIC        Test_Color
  C:3DA4H         PUBLIC        Touch_Test
  C:16B2H         PUBLIC        gImage_qq
  X:00ACH         PUBLIC        ColorTab
  C:47F9H         PUBLIC        Test_FillRec
  C:5373H         PUBLIC        _DrawTestPage
  C:5464H         PUBLIC        Pic_test
  C:57E5H         PUBLIC        main_test
  C:49DBH         PUBLIC        Test_Circle
  C:596AH         PUBLIC        Chinese_Font_test
  C:5716H         PUBLIC        English_Font_test
  -------         PROC          L?0031
  -------         ENDPROC       L?0031
  -------         PROC          _DRAWTESTPAGE
  X:0005H         SYMBOL        str
  C:5373H         LINE#         41
  C:537EH         LINE#         42
  C:537EH         LINE#         44
  C:539EH         LINE#         46
  C:53CAH         LINE#         47
  C:53D2H         LINE#         48
  C:5406H         LINE#         49
  C:543BH         LINE#         51
  -------         ENDPROC       _DRAWTESTPAGE
  -------         PROC          MAIN_TEST
  C:57E5H         LINE#         63
  C:57E5H         LINE#         64
BL51 BANKED LINKER/LOCATER V6.22                                                      12/11/2015  10:51:34  PAGE 8


  C:57E5H         LINE#         65
  C:57EEH         LINE#         67
  C:5819H         LINE#         68
  C:5844H         LINE#         69
  C:586FH         LINE#         70
  C:589AH         LINE#         71
  C:58A1H         LINE#         72
  -------         ENDPROC       MAIN_TEST
  -------         PROC          TEST_COLOR
  C:3FE6H         LINE#         84
  C:3FE6H         LINE#         85
  C:3FE6H         LINE#         86
  C:3FEFH         LINE#         87
  C:401BH         LINE#         88
  C:4059H         LINE#         89
  C:4082H         LINE#         90
  C:40C0H         LINE#         91
  C:40EBH         LINE#         92
  C:4129H         LINE#         93
  C:4157H         LINE#         94
  C:4195H         LINE#         95
  C:41C2H         LINE#         96
  -------         ENDPROC       TEST_COLOR
  -------         PROC          TEST_FILLREC
  -------         DO            
  X:0000H         SYMBOL        i
  -------         ENDDO         
  C:47F9H         LINE#         110
  C:47F9H         LINE#         111
  C:47F9H         LINE#         112
  C:47FEH         LINE#         113
  C:4807H         LINE#         114
  C:4833H         LINE#         115
  C:4838H         LINE#         116
  C:4838H         LINE#         117
  C:48C0H         LINE#         118
  C:48DBH         LINE#         119
  C:48EAH         LINE#         120
  C:48F1H         LINE#         121
  C:491DH         LINE#         122
  C:4922H         LINE#         123
  C:4922H         LINE#         124
  C:49AAH         LINE#         125
  C:49C5H         LINE#         126
  C:49D4H         LINE#         127
  -------         ENDPROC       TEST_FILLREC
  -------         PROC          TEST_CIRCLE
  -------         DO            
  X:0000H         SYMBOL        i
  -------         ENDDO         
  C:49DBH         LINE#         140
  C:49DBH         LINE#         141
  C:49DBH         LINE#         142
  C:49E0H         LINE#         143
  C:49E9H         LINE#         144
  C:4A15H         LINE#         145
  C:4A1AH         LINE#         146
BL51 BANKED LINKER/LOCATER V6.22                                                      12/11/2015  10:51:34  PAGE 9


  C:4A88H         LINE#         147
  C:4A8FH         LINE#         148
  C:4ABBH         LINE#         149
  C:4AC0H         LINE#         150
  C:4B2FH         LINE#         151
  -------         ENDPROC       TEST_CIRCLE
  -------         PROC          ENGLISH_FONT_TEST
  C:5716H         LINE#         163
  C:5716H         LINE#         164
  C:5716H         LINE#         165
  C:571FH         LINE#         166
  C:5728H         LINE#         167
  C:5730H         LINE#         168
  C:574CH         LINE#         169
  C:576BH         LINE#         170
  C:5787H         LINE#         171
  C:57A3H         LINE#         172
  C:57C2H         LINE#         173
  C:57DEH         LINE#         174
  -------         ENDPROC       ENGLISH_FONT_TEST
  -------         PROC          CHINESE_FONT_TEST
  C:596AH         LINE#         186
  C:596AH         LINE#         187
  C:596AH         LINE#         188
  C:5973H         LINE#         189
  C:599CH         LINE#         190
  C:59C9H         LINE#         191
  C:59F6H         LINE#         192
  C:5A23H         LINE#         193
  -------         ENDPROC       CHINESE_FONT_TEST
  -------         PROC          PIC_TEST
  C:5464H         LINE#         205
  C:5464H         LINE#         206
  C:5464H         LINE#         207
  C:546DH         LINE#         208
  C:5499H         LINE#         209
  C:54AAH         LINE#         210
  C:54D7H         LINE#         211
  C:54E8H         LINE#         212
  C:5515H         LINE#         213
  C:5526H         LINE#         214
  C:5553H         LINE#         215
  -------         ENDPROC       PIC_TEST
  -------         PROC          TOUCH_TEST
  -------         DO            
  X:0000H         SYMBOL        i
  X:0001H         SYMBOL        j
  X:0003H         SYMBOL        colorTemp
  -------         ENDDO         
  C:3DA4H         LINE#         227
  C:3DA4H         LINE#         228
  C:3DA4H         LINE#         229
  C:3DA9H         LINE#         230
  C:3DADH         LINE#         231
  C:3DB1H         LINE#         232
  C:3DB4H         LINE#         233
  C:3DDCH         LINE#         234
BL51 BANKED LINKER/LOCATER V6.22                                                      12/11/2015  10:51:34  PAGE 10


  C:3E09H         LINE#         235
  C:3E12H         LINE#         236
  C:3E12H         LINE#         237
  C:3E12H         LINE#         238
  C:3E1BH         LINE#         239
  C:3E1BH         LINE#         240
  C:3E47H         LINE#         241
  C:3E47H         LINE#         242
  C:3E64H         LINE#         243
  C:3E64H         LINE#         244
  C:3E67H         LINE#         245
  C:3E76H         LINE#         246
  C:3E9EH         LINE#         247
  C:3ED4H         LINE#         248
  C:3ED7H         LINE#         249
  C:3F1BH         LINE#         250
  C:3F1BH         LINE#         251
  C:3F76H         LINE#         252
  C:3FA7H         LINE#         253
  C:3FB6H         LINE#         254
  C:3FBDH         LINE#         255
  C:3FC0H         LINE#         258
  C:3FD9H         LINE#         259
  C:3FD9H         LINE#         260
  C:3FE3H         LINE#         261
  -------         ENDPROC       TOUCH_TEST
  -------         ENDMOD        TEST

  -------         MODULE        GUI
  C:0000H         SYMBOL        _ICE_DUMMY_
  C:4CABH         PUBLIC        __draw_circle_8
  D:0080H         PUBLIC        P0
  D:0090H         PUBLIC        P1
  D:00B0H         PUBLIC        P3
  C:514CH         PUBLIC        _LCD_ShowNum
  C:1289H         PUBLIC        tfont32
  C:1083H         PUBLIC        tfont24
  C:0003H         PUBLIC        asc2_1206
  C:0A67H         PUBLIC        tfont16
  C:0477H         PUBLIC        asc2_1608
  C:4418H         PUBLIC        _gui_circle
  C:5B7DH         PUBLIC        _Gui_StrCenter
  C:555AH         PUBLIC        _LCD_Fill
  C:343AH         PUBLIC        _Show_Str
  C:5DEDH         PUBLIC        _mypow
  C:5643H         PUBLIC        _Gui_Drawbmp16
  B:0090H.3       PUBLIC        LCD_CS
  C:460EH         PUBLIC        _LCD_DrawLine
  C:58A8H         PUBLIC        _LCD_ShowString
  C:3B61H         PUBLIC        _GUI_DrawFont32
  C:391EH         PUBLIC        _GUI_DrawFont24
  C:36DBH         PUBLIC        _GUI_DrawFont16
  C:4211H         PUBLIC        _LCD_ShowChar
  B:0090H.2       PUBLIC        LCD_RS
  B:0090H.1       PUBLIC        LCD_WR
  C:5A2AH         PUBLIC        _LCD_DrawRectangle
  C:5EFFH         PUBLIC        _GUI_DrawPoint
BL51 BANKED LINKER/LOCATER V6.22                                                      12/11/2015  10:51:34  PAGE 11


  C:5FB9H         PUBLIC        _LCD_DrawFillRectangle
  C:5EE5H         SYMBOL        L?0197
  C:5EE6H         SYMBOL        L?0198
  C:5EF6H         SYMBOL        L?0199
  -------         PROC          L?0196
  -------         ENDPROC       L?0196
  C:5EE5H         SYMBOL        L?0197
  C:5EE6H         SYMBOL        L?0198
  C:5EF6H         SYMBOL        L?0199
  -------         PROC          _GUI_DRAWPOINT
  D:0006H         SYMBOL        x
  D:0004H         SYMBOL        y
  X:001DH         SYMBOL        color
  C:5EFFH         LINE#         37
  C:5F07H         LINE#         38
  C:5F07H         LINE#         39
  C:5F0AH         LINE#         40
  -------         ENDPROC       _GUI_DRAWPOINT
  -------         PROC          _LCD_FILL
  X:0009H         SYMBOL        sx
  X:000BH         SYMBOL        sy
  D:0002H         SYMBOL        ex
  X:000FH         SYMBOL        ey
  X:0011H         SYMBOL        color
  -------         DO            
  D:0004H         SYMBOL        i
  D:0002H         SYMBOL        j
  X:0013H         SYMBOL        width
  X:0015H         SYMBOL        height
  -------         ENDDO         
  C:555AH         LINE#         56
  C:5568H         LINE#         57
  C:5568H         LINE#         60
  C:5583H         LINE#         61
  C:55A4H         LINE#         62
  C:55D3H         LINE#         65
  C:55D5H         LINE#         66
  C:55D7H         LINE#         67
  C:55E7H         LINE#         68
  C:55E7H         LINE#         69
  C:55F7H         LINE#         70
  C:55F7H         LINE#         71
  C:55FDH         LINE#         72
  C:55FFH         LINE#         73
  C:5601H         LINE#         75
  C:5605H         LINE#         76
  C:5607H         LINE#         77
  C:5609H         LINE#         78
  C:5610H         LINE#         79
  C:5617H         LINE#         80
  C:5619H         LINE#         88
  -------         ENDPROC       _LCD_FILL
  -------         PROC          _LCD_DRAWLINE
  X:0009H         SYMBOL        x1
  X:000BH         SYMBOL        y1
  D:0002H         SYMBOL        x2
  X:000FH         SYMBOL        y2
BL51 BANKED LINKER/LOCATER V6.22                                                      12/11/2015  10:51:34  PAGE 12


  -------         DO            
  X:0011H         SYMBOL        t
  X:0013H         SYMBOL        xerr
  X:0015H         SYMBOL        yerr
  X:0017H         SYMBOL        delta_x
  X:0019H         SYMBOL        delta_y
  X:001BH         SYMBOL        distance
  X:001DH         SYMBOL        incx
  X:001FH         SYMBOL        incy
  X:0021H         SYMBOL        uRow
  X:0023H         SYMBOL        uCol
  -------         ENDDO         
  C:460EH         LINE#         101
  C:461CH         LINE#         102
  C:461CH         LINE#         104
  C:4627H         LINE#         107
  C:463CH         LINE#         108
  C:4657H         LINE#         109
  C:4666H         LINE#         110
  C:466CH         LINE#         111
  C:4688H         LINE#         112
  C:4694H         LINE#         113
  C:46A9H         LINE#         114
  C:46C5H         LINE#         115
  C:46D1H         LINE#         116
  C:46E6H         LINE#         117
  C:470CH         LINE#         118
  C:4711H         LINE#         119
  C:4736H         LINE#         120
  C:4736H         LINE#         121
  C:4747H         LINE#         122
  C:475BH         LINE#         123
  C:476FH         LINE#         124
  C:478BH         LINE#         125
  C:478BH         LINE#         126
  C:4797H         LINE#         127
  C:47ABH         LINE#         128
  C:47ABH         LINE#         129
  C:47C7H         LINE#         130
  C:47C7H         LINE#         131
  C:47D3H         LINE#         132
  C:47E7H         LINE#         133
  C:47E7H         LINE#         134
  C:47F8H         LINE#         135
  -------         ENDPROC       _LCD_DRAWLINE
  -------         PROC          _LCD_DRAWRECTANGLE
  X:0001H         SYMBOL        x1
  X:0003H         SYMBOL        y1
  X:0005H         SYMBOL        x2
  X:0007H         SYMBOL        y2
  C:5A2AH         LINE#         146
  C:5A40H         LINE#         147
  C:5A40H         LINE#         148
  C:5A5CH         LINE#         149
  C:5A83H         LINE#         150
  C:5AABH         LINE#         151
  -------         ENDPROC       _LCD_DRAWRECTANGLE
BL51 BANKED LINKER/LOCATER V6.22                                                      12/11/2015  10:51:34  PAGE 13


  -------         PROC          _LCD_DRAWFILLRECTANGLE
  D:0006H         SYMBOL        x1
  D:0004H         SYMBOL        y1
  D:0002H         SYMBOL        x2
  X:0007H         SYMBOL        y2
  C:5FB9H         LINE#         163
  C:5FB9H         LINE#         164
  C:5FB9H         LINE#         165
  -------         ENDPROC       _LCD_DRAWFILLRECTANGLE
  -------         PROC          L?0200
  -------         ENDPROC       L?0200
  -------         PROC          __DRAW_CIRCLE_8
  X:0013H         SYMBOL        xc
  X:0015H         SYMBOL        yc
  X:0017H         SYMBOL        x
  X:0019H         SYMBOL        y
  X:001BH         SYMBOL        c
  C:4CABH         LINE#         180
  C:4CC3H         LINE#         181
  C:4CC3H         LINE#         182
  C:4CCBH         LINE#         184
  C:4CE6H         LINE#         186
  C:4D11H         LINE#         188
  C:4D3DH         LINE#         190
  C:4D53H         LINE#         192
  C:4D6AH         LINE#         194
  C:4D95H         LINE#         196
  -------         ENDPROC       __DRAW_CIRCLE_8
  -------         PROC          _GUI_CIRCLE
  X:0001H         SYMBOL        xc
  X:0003H         SYMBOL        yc
  X:0005H         SYMBOL        c
  X:0007H         SYMBOL        r
  X:0009H         SYMBOL        fill
  -------         DO            
  X:000BH         SYMBOL        x
  X:000DH         SYMBOL        y
  X:000FH         SYMBOL        yi
  X:0011H         SYMBOL        d
  -------         ENDDO         
  C:4418H         LINE#         211
  C:442CH         LINE#         212
  C:442CH         LINE#         213
  C:4443H         LINE#         215
  C:4457H         LINE#         218
  C:4464H         LINE#         219
  C:4464H         LINE#         221
  C:4483H         LINE#         222
  C:44A6H         LINE#         223
  C:44D1H         LINE#         225
  C:44E1H         LINE#         226
  C:4502H         LINE#         227
  C:4504H         LINE#         228
  C:4539H         LINE#         229
  C:4547H         LINE#         230
  C:4547H         LINE#         231
  C:4558H         LINE#         232
BL51 BANKED LINKER/LOCATER V6.22                                                      12/11/2015  10:51:34  PAGE 14


  C:455BH         LINE#         233
  C:455BH         LINE#         234
  C:455BH         LINE#         236
  C:457AH         LINE#         237
  C:4586H         LINE#         238
  C:4596H         LINE#         239
  C:45B7H         LINE#         240
  C:45B9H         LINE#         241
  C:45EEH         LINE#         242
  C:45FCH         LINE#         243
  C:45FCH         LINE#         244
  C:460AH         LINE#         245
  C:460DH         LINE#         246
  C:460DH         LINE#         247
  -------         ENDPROC       _GUI_CIRCLE
  C:420CH         SYMBOL        L?0202
  -------         PROC          L?0201
  -------         ENDPROC       L?0201
  C:420CH         SYMBOL        L?0202
  -------         PROC          _LCD_SHOWCHAR
  X:0025H         SYMBOL        x
  X:0027H         SYMBOL        y
  X:0029H         SYMBOL        fc
  X:002BH         SYMBOL        bc
  X:002DH         SYMBOL        num
  X:002EH         SYMBOL        size
  X:002FH         SYMBOL        mode
  -------         DO            
  X:0030H         SYMBOL        temp
  X:0031H         SYMBOL        pos
  X:0032H         SYMBOL        t
  X:0033H         SYMBOL        colortemp
  -------         ENDDO         
  C:4211H         LINE#         263
  C:4229H         LINE#         264
  C:4229H         LINE#         267
  C:4238H         LINE#         269
  C:423FH         LINE#         270
  C:427DH         LINE#         271
  C:4286H         LINE#         272
  C:4286H         LINE#         274
  C:429BH         LINE#         275
  C:429BH         LINE#         276
  C:42B6H         LINE#         277
  C:42DDH         LINE#         278
  C:42F1H         LINE#         279
  C:42F1H         LINE#         280
  C:42FDH         LINE#         281
  C:4308H         LINE#         282
  C:430FH         LINE#         284
  C:4317H         LINE#         286
  C:4320H         LINE#         287
  C:4320H         LINE#         288
  C:4320H         LINE#         289
  C:4336H         LINE#         290
  C:4336H         LINE#         291
  C:4351H         LINE#         292
BL51 BANKED LINKER/LOCATER V6.22                                                      12/11/2015  10:51:34  PAGE 15


  C:4378H         LINE#         293
  C:438DH         LINE#         294
  C:438DH         LINE#         295
  C:439CH         LINE#         296
  C:43C7H         LINE#         297
  C:43CEH         LINE#         298
  C:43D6H         LINE#         299
  C:43DFH         LINE#         300
  C:43DFH         LINE#         301
  C:43EEH         LINE#         302
  -------         ENDPROC       _LCD_SHOWCHAR
  -------         PROC          _LCD_SHOWSTRING
  X:0005H         SYMBOL        x
  X:0007H         SYMBOL        y
  X:0009H         SYMBOL        size
  X:000AH         SYMBOL        p
  X:000DH         SYMBOL        mode
  C:58A8H         LINE#         316
  C:58B9H         LINE#         317
  C:58B9H         LINE#         318
  C:58D9H         LINE#         319
  C:58D9H         LINE#         320
  C:5911H         LINE#         322
  C:5948H         LINE#         323
  C:595CH         LINE#         324
  C:5966H         LINE#         325
  C:5969H         LINE#         326
  -------         ENDPROC       _LCD_SHOWSTRING
  -------         PROC          _MYPOW
  X:00B6H         SYMBOL        m
  X:00B7H         SYMBOL        n
  -------         DO            
  X:00B8H         SYMBOL        result
  -------         ENDDO         
  C:5DEDH         LINE#         338
  C:5DF5H         LINE#         339
  C:5DF5H         LINE#         340
  C:5DFDH         LINE#         341
  C:5E27H         LINE#         342
  C:5E35H         LINE#         343
  -------         ENDPROC       _MYPOW
  -------         PROC          _LCD_SHOWNUM
  X:009FH         SYMBOL        x
  X:00A1H         SYMBOL        y
  X:00A3H         SYMBOL        num
  X:00A7H         SYMBOL        len
  X:00A8H         SYMBOL        size
  -------         DO            
  X:00A9H         SYMBOL        t
  X:00AAH         SYMBOL        temp
  X:00ABH         SYMBOL        enshow
  -------         ENDDO         
  C:514CH         LINE#         358
  C:515AH         LINE#         359
  C:515AH         LINE#         361
  C:515FH         LINE#         362
  C:5174H         LINE#         363
BL51 BANKED LINKER/LOCATER V6.22                                                      12/11/2015  10:51:34  PAGE 16


  C:5174H         LINE#         364
  C:51A5H         LINE#         365
  C:51B8H         LINE#         366
  C:51B8H         LINE#         367
  C:51BCH         LINE#         368
  C:51BCH         LINE#         369
  C:51F8H         LINE#         370
  C:51FAH         LINE#         371
  C:5200H         LINE#         373
  C:5200H         LINE#         374
  C:5253H         LINE#         375
  C:525CH         LINE#         376
  -------         ENDPROC       _LCD_SHOWNUM
  -------         PROC          _GUI_DRAWFONT16
  X:0025H         SYMBOL        x
  X:0027H         SYMBOL        y
  X:0029H         SYMBOL        fc
  X:002BH         SYMBOL        bc
  X:002DH         SYMBOL        s
  X:0030H         SYMBOL        mode
  -------         DO            
  X:0031H         SYMBOL        i
  X:0032H         SYMBOL        j
  X:0033H         SYMBOL        k
  X:0035H         SYMBOL        HZnum
  X:0037H         SYMBOL        x0
  -------         ENDDO         
  C:36DBH         LINE#         391
  C:36F1H         LINE#         392
  C:36F1H         LINE#         396
  C:36F9H         LINE#         397
  C:3702H         LINE#         400
  C:3722H         LINE#         401
  C:3722H         LINE#         402
  C:3772H         LINE#         403
  C:37A8H         LINE#         404
  C:37ADH         LINE#         405
  C:37ADH         LINE#         406
  C:37BFH         LINE#         407
  C:37BFH         LINE#         408
  C:37C5H         LINE#         409
  C:37C5H         LINE#         410
  C:3811H         LINE#         411
  C:381CH         LINE#         412
  C:381FH         LINE#         414
  C:381FH         LINE#         415
  C:382EH         LINE#         416
  C:388DH         LINE#         417
  C:389BH         LINE#         418
  C:38B6H         LINE#         419
  C:38B6H         LINE#         420
  C:38BBH         LINE#         421
  C:38C9H         LINE#         422
  C:38CBH         LINE#         423
  C:38CBH         LINE#         424
  C:38CBH         LINE#         426
  C:38D4H         LINE#         428
BL51 BANKED LINKER/LOCATER V6.22                                                      12/11/2015  10:51:34  PAGE 17


  C:38E3H         LINE#         431
  C:38E3H         LINE#         432
  C:38E3H         LINE#         433
  C:38F4H         LINE#         435
  -------         ENDPROC       _GUI_DRAWFONT16
  -------         PROC          _GUI_DRAWFONT24
  X:0025H         SYMBOL        x
  X:0027H         SYMBOL        y
  X:0029H         SYMBOL        fc
  X:002BH         SYMBOL        bc
  X:002DH         SYMBOL        s
  X:0030H         SYMBOL        mode
  -------         DO            
  X:0031H         SYMBOL        i
  X:0032H         SYMBOL        j
  X:0033H         SYMBOL        k
  X:0035H         SYMBOL        HZnum
  X:0037H         SYMBOL        x0
  -------         ENDDO         
  C:391EH         LINE#         451
  C:3934H         LINE#         452
  C:3934H         LINE#         456
  C:393CH         LINE#         457
  C:3945H         LINE#         459
  C:3965H         LINE#         460
  C:3965H         LINE#         461
  C:39B5H         LINE#         462
  C:39EBH         LINE#         463
  C:39F0H         LINE#         464
  C:39F0H         LINE#         465
  C:3A02H         LINE#         466
  C:3A02H         LINE#         467
  C:3A08H         LINE#         468
  C:3A08H         LINE#         469
  C:3A54H         LINE#         470
  C:3A5FH         LINE#         471
  C:3A62H         LINE#         473
  C:3A62H         LINE#         474
  C:3A71H         LINE#         475
  C:3AD0H         LINE#         476
  C:3ADEH         LINE#         477
  C:3AF9H         LINE#         478
  C:3AF9H         LINE#         479
  C:3AFEH         LINE#         480
  C:3B0CH         LINE#         481
  C:3B0EH         LINE#         482
  C:3B0EH         LINE#         483
  C:3B0EH         LINE#         484
  C:3B17H         LINE#         485
  C:3B26H         LINE#         488
  C:3B26H         LINE#         489
  C:3B26H         LINE#         490
  C:3B37H         LINE#         492
  -------         ENDPROC       _GUI_DRAWFONT24
  -------         PROC          _GUI_DRAWFONT32
  X:0025H         SYMBOL        x
  X:0027H         SYMBOL        y
BL51 BANKED LINKER/LOCATER V6.22                                                      12/11/2015  10:51:34  PAGE 18


  X:0029H         SYMBOL        fc
  X:002BH         SYMBOL        bc
  X:002DH         SYMBOL        s
  X:0030H         SYMBOL        mode
  -------         DO            
  X:0031H         SYMBOL        i
  X:0032H         SYMBOL        j
  X:0033H         SYMBOL        k
  X:0035H         SYMBOL        HZnum
  X:0037H         SYMBOL        x0
  -------         ENDDO         
  C:3B61H         LINE#         508
  C:3B77H         LINE#         509
  C:3B77H         LINE#         513
  C:3B7FH         LINE#         514
  C:3B88H         LINE#         515
  C:3BA8H         LINE#         516
  C:3BA8H         LINE#         517
  C:3BF8H         LINE#         518
  C:3C2EH         LINE#         519
  C:3C33H         LINE#         520
  C:3C33H         LINE#         521
  C:3C45H         LINE#         522
  C:3C45H         LINE#         523
  C:3C4BH         LINE#         524
  C:3C4BH         LINE#         525
  C:3C97H         LINE#         526
  C:3CA2H         LINE#         527
  C:3CA5H         LINE#         529
  C:3CA5H         LINE#         530
  C:3CB4H         LINE#         531
  C:3D13H         LINE#         532
  C:3D21H         LINE#         533
  C:3D3CH         LINE#         534
  C:3D3CH         LINE#         535
  C:3D41H         LINE#         536
  C:3D4FH         LINE#         537
  C:3D51H         LINE#         538
  C:3D51H         LINE#         539
  C:3D51H         LINE#         540
  C:3D5AH         LINE#         541
  C:3D69H         LINE#         544
  C:3D69H         LINE#         545
  C:3D69H         LINE#         546
  C:3D7AH         LINE#         548
  -------         ENDPROC       _GUI_DRAWFONT32
  -------         PROC          _SHOW_STR
  X:0015H         SYMBOL        x
  X:0017H         SYMBOL        y
  X:0019H         SYMBOL        fc
  X:001BH         SYMBOL        bc
  X:001DH         SYMBOL        str
  X:0020H         SYMBOL        size
  X:0021H         SYMBOL        mode
  -------         DO            
  X:0022H         SYMBOL        x0
  X:0024H         SYMBOL        bHz
BL51 BANKED LINKER/LOCATER V6.22                                                      12/11/2015  10:51:34  PAGE 19


  -------         ENDDO         
  C:343AH         LINE#         565
  C:3450H         LINE#         566
  C:3450H         LINE#         567
  C:3458H         LINE#         568
  C:345BH         LINE#         569
  C:346EH         LINE#         570
  C:346EH         LINE#         571
  C:3477H         LINE#         572
  C:3477H         LINE#         573
  C:34BCH         LINE#         575
  C:34D8H         LINE#         577
  C:34D8H         LINE#         578
  C:34DCH         LINE#         579
  C:34DCH         LINE#         580
  C:34EEH         LINE#         581
  C:34FDH         LINE#         582
  C:3507H         LINE#         583
  C:350AH         LINE#         585
  C:350AH         LINE#         586
  C:351BH         LINE#         587
  C:351BH         LINE#         588
  C:3542H         LINE#         589
  C:3548H         LINE#         590
  C:354AH         LINE#         592
  C:354AH         LINE#         593
  C:357BH         LINE#         594
  C:358FH         LINE#         595
  C:358FH         LINE#         596
  C:358FH         LINE#         597
  C:3599H         LINE#         599
  C:3599H         LINE#         600
  C:359CH         LINE#         601
  C:359CH         LINE#         602
  C:35DFH         LINE#         604
  C:35E4H         LINE#         605
  C:35E8H         LINE#         606
  C:362AH         LINE#         607
  C:3635H         LINE#         608
  C:3679H         LINE#         610
  C:36BBH         LINE#         612
  C:36C5H         LINE#         613
  C:36D7H         LINE#         614
  C:36D7H         LINE#         615
  C:36DAH         LINE#         616
  -------         ENDPROC       _SHOW_STR
  -------         PROC          _GUI_STRCENTER
  X:0008H         SYMBOL        x
  X:000AH         SYMBOL        y
  X:000CH         SYMBOL        fc
  X:000EH         SYMBOL        bc
  X:0010H         SYMBOL        str
  X:0013H         SYMBOL        size
  X:0014H         SYMBOL        mode
  -------         DO            
  D:0006H         SYMBOL        len
  D:0006H         SYMBOL        x1
BL51 BANKED LINKER/LOCATER V6.22                                                      12/11/2015  10:51:34  PAGE 20


  -------         ENDDO         
  C:5B7DH         LINE#         632
  C:5B91H         LINE#         633
  C:5B91H         LINE#         634
  C:5B9FH         LINE#         635
  C:5BBCH         LINE#         636
  -------         ENDPROC       _GUI_STRCENTER
  -------         PROC          _GUI_DRAWBMP16
  X:0000H         SYMBOL        x
  X:0002H         SYMBOL        y
  X:0004H         SYMBOL        p
  -------         DO            
  X:0007H         SYMBOL        i
  X:0009H         SYMBOL        picH
  X:000AH         SYMBOL        picL
  -------         ENDDO         
  C:5643H         LINE#         649
  C:565EH         LINE#         650
  C:565EH         LINE#         653
  C:568AH         LINE#         654
  C:5691H         LINE#         655
  C:5691H         LINE#         656
  C:56B4H         LINE#         657
  C:56C4H         LINE#         658
  C:56CDH         LINE#         659
  C:56ECH         LINE#         660
  -------         ENDPROC       _GUI_DRAWBMP16
  -------         ENDMOD        GUI

  -------         MODULE        SYS
  C:0000H         SYMBOL        _ICE_DUMMY_
  C:5F6DH         PUBLIC        _delay_ms
  C:5F93H         PUBLIC        _delay_us
  -------         PROC          _DELAY_MS
  D:0006H         SYMBOL        count
  -------         DO            
  D:0004H         SYMBOL        i
  D:0002H         SYMBOL        j
  -------         ENDDO         
  C:5F6DH         LINE#         2
  C:5F6DH         LINE#         3
  C:5F6DH         LINE#         5
  C:5F7DH         LINE#         6
  C:5F92H         LINE#         7
  -------         ENDPROC       _DELAY_MS
  -------         PROC          _DELAY_US
  D:0006H         SYMBOL        count
  -------         DO            
  D:0004H         SYMBOL        i
  D:0002H         SYMBOL        j
  -------         ENDDO         
  C:5F93H         LINE#         9
  C:5F93H         LINE#         10
  C:5F93H         LINE#         12
  C:5FA3H         LINE#         13
  C:5FB8H         LINE#         14
  -------         ENDPROC       _DELAY_US
BL51 BANKED LINKER/LOCATER V6.22                                                      12/11/2015  10:51:34  PAGE 21


  -------         ENDMOD        SYS

  -------         MODULE        ?C_STARTUP
  C:5C0FH         SEGMENT       ?C_C51STARTUP
  I:0008H         SEGMENT       ?STACK
  C:0000H         PUBLIC        ?C_STARTUP
  D:00E0H         SYMBOL        ACC
  D:00F0H         SYMBOL        B
  D:0083H         SYMBOL        DPH
  D:0082H         SYMBOL        DPL
  N:0000H         SYMBOL        IBPSTACK
  N:0100H         SYMBOL        IBPSTACKTOP
  N:0080H         SYMBOL        IDATALEN
  C:5C12H         SYMBOL        IDATALOOP
  N:0000H         SYMBOL        PBPSTACK
  N:0100H         SYMBOL        PBPSTACKTOP
  N:0000H         SYMBOL        PDATALEN
  N:0000H         SYMBOL        PDATASTART
  N:0000H         SYMBOL        PPAGE
  N:0000H         SYMBOL        PPAGEENABLE
  D:00A0H         SYMBOL        PPAGE_SFR
  D:0081H         SYMBOL        SP
  C:5C0FH         SYMBOL        STARTUP1
  N:0000H         SYMBOL        XBPSTACK
  N:0000H         SYMBOL        XBPSTACKTOP
  N:0000H         SYMBOL        XDATALEN
  N:0000H         SYMBOL        XDATASTART
  C:0000H         LINE#         126
  C:5C0FH         LINE#         133
  C:5C11H         LINE#         134
  C:5C12H         LINE#         135
  C:5C13H         LINE#         136
  C:5C15H         LINE#         185
  C:5C18H         LINE#         196
  -------         ENDMOD        ?C_STARTUP

  -------         MODULE        TOUCH
  C:0000H         SYMBOL        _ICE_DUMMY_
  D:0090H         PUBLIC        P1
  D:00B0H         PUBLIC        P3
  D:00C0H         PUBLIC        P4
  C:6001H         PUBLIC        ReadFromCharFrom7843
  C:611AH         PUBLIC        tpstate
  C:6111H         PUBLIC        spistar
  B:00D0H.7       PUBLIC        CY
  C:6095H         PUBLIC        _ADS_Read_AD
  B:00B0H.6       PUBLIC        DCLK
  C:607BH         PUBLIC        _WriteCharTo7843
  C:5D8AH         PUBLIC        _Read_ADS
  B:00B0H.5       PUBLIC        DOUT
  X:008FH         PUBLIC        chx
  X:0091H         PUBLIC        chy
  C:4B36H         PUBLIC        _ADS_Read_XY
  X:0093H         PUBLIC        tp_pixlcd
  C:2332H         PUBLIC        Touch_Adjust
  B:00B0H.4       PUBLIC        DIN
  X:0097H         PUBLIC        tp_pixad
BL51 BANKED LINKER/LOCATER V6.22                                                      12/11/2015  10:51:34  PAGE 22


  C:4F03H         PUBLIC        _Read_ADS2
  C:5C9BH         PUBLIC        Read_TP_Once
  B:00B0H.7       PUBLIC        TCS
  X:009BH         PUBLIC        vx
  X:009DH         PUBLIC        vy
  C:5034H         PUBLIC        _Drow_Touch_Point
  B:00C0H.0       PUBLIC        Penirq
  C:5D16H         PUBLIC        _TP_Draw_Big_Point
  C:4DCAH         PUBLIC        Convert_Pos
  -------         PROC          TPSTATE
  C:611AH         LINE#         14
  C:611AH         LINE#         15
  C:611AH         LINE#         16
  C:611FH         LINE#         17
  -------         ENDPROC       TPSTATE
  -------         PROC          SPISTAR
  C:6111H         LINE#         20
  C:6111H         LINE#         21
  C:6111H         LINE#         22
  C:6113H         LINE#         23
  C:6115H         LINE#         24
  C:6117H         LINE#         25
  C:6119H         LINE#         26
  -------         ENDPROC       SPISTAR
  -------         PROC          _WRITECHARTO7843
  D:0007H         SYMBOL        num
  -------         DO            
  D:0006H         SYMBOL        count
  -------         ENDDO         
  C:607BH         LINE#         28
  C:607BH         LINE#         29
  C:607BH         LINE#         30
  C:607DH         LINE#         31
  C:607FH         LINE#         32
  C:607FH         LINE#         33
  C:607FH         LINE#         34
  C:6083H         LINE#         35
  C:6085H         LINE#         36
  C:608AH         LINE#         37
  C:608FH         LINE#         38
  C:6094H         LINE#         39
  -------         ENDPROC       _WRITECHARTO7843
  -------         PROC          READFROMCHARFROM7843
  -------         DO            
  D:0005H         SYMBOL        count
  D:0006H         SYMBOL        Num
  -------         ENDDO         
  C:6001H         LINE#         42
  C:6001H         LINE#         43
  C:6001H         LINE#         44
  C:6003H         LINE#         45
  C:6005H         LINE#         46
  C:6005H         LINE#         47
  C:6005H         LINE#         48
  C:600CH         LINE#         49
  C:6011H         LINE#         50
  C:6016H         LINE#         51
BL51 BANKED LINKER/LOCATER V6.22                                                      12/11/2015  10:51:34  PAGE 23


  C:6019H         LINE#         52
  C:6019H         LINE#         53
  C:601DH         LINE#         54
  C:601DH         LINE#         56
  C:6022H         LINE#         58
  C:6022H         LINE#         59
  -------         ENDPROC       READFROMCHARFROM7843
  -------         PROC          _ADS_READ_AD
  D:0007H         SYMBOL        CMD
  -------         DO            
  D:0006H         SYMBOL        l
  -------         ENDDO         
  C:6095H         LINE#         62
  C:6095H         LINE#         63
  C:6095H         LINE#         65
  C:6097H         LINE#         66
  C:609AH         LINE#         67
  C:60A0H         LINE#         68
  C:60A6H         LINE#         69
  C:60A9H         LINE#         70
  C:60ABH         LINE#         71
  C:60ABH         LINE#         72
  -------         ENDPROC       _ADS_READ_AD
  -------         PROC          _ADS_READ_XY
  D:0001H         SYMBOL        xy
  -------         DO            
  D:0002H         SYMBOL        i
  X:001CH         SYMBOL        j
  X:001EH         SYMBOL        buf
  X:003CH         SYMBOL        sum
  X:003EH         SYMBOL        temp
  -------         ENDDO         
  C:4B36H         LINE#         78
  C:4B38H         LINE#         79
  C:4B38H         LINE#         82
  C:4B3FH         LINE#         84
  C:4B41H         LINE#         85
  C:4B41H         LINE#         86
  C:4B60H         LINE#         87
  C:4B6BH         LINE#         88
  C:4B6EH         LINE#         89
  C:4B6EH         LINE#         90
  C:4B8EH         LINE#         91
  C:4B8EH         LINE#         92
  C:4BC0H         LINE#         93
  C:4BC0H         LINE#         94
  C:4BC8H         LINE#         95
  C:4BFAH         LINE#         96
  C:4C1EH         LINE#         97
  C:4C1EH         LINE#         98
  C:4C32H         LINE#         99
  C:4C40H         LINE#         100
  C:4C47H         LINE#         101
  C:4C77H         LINE#         102
  C:4C8CH         LINE#         103
  C:4C8CH         LINE#         104
  -------         ENDPROC       _ADS_READ_XY
BL51 BANKED LINKER/LOCATER V6.22                                                      12/11/2015  10:51:34  PAGE 24


  -------         PROC          _READ_ADS
  X:0014H         SYMBOL        x
  X:0017H         SYMBOL        y
  -------         DO            
  X:001AH         SYMBOL        xtemp
  D:0006H         SYMBOL        ytemp
  -------         ENDDO         
  C:5D8AH         LINE#         107
  C:5D95H         LINE#         108
  C:5D95H         LINE#         110
  C:5DA2H         LINE#         111
  C:5DA7H         LINE#         112
  C:5DC1H         LINE#         113
  C:5DD9H         LINE#         114
  C:5DEAH         LINE#         115
  C:5DECH         LINE#         116
  -------         ENDPROC       _READ_ADS
  -------         PROC          _READ_ADS2
  X:0006H         SYMBOL        x
  X:0009H         SYMBOL        y
  -------         DO            
  X:000CH         SYMBOL        x1
  X:000EH         SYMBOL        y1
  X:0010H         SYMBOL        x2
  X:0012H         SYMBOL        y2
  D:0007H         SYMBOL        flag
  -------         ENDDO         
  C:4F03H         LINE#         121
  C:4F0EH         LINE#         122
  C:4F0EH         LINE#         126
  C:4F25H         LINE#         127
  C:4F2AH         LINE#         128
  C:4F41H         LINE#         129
  C:4F46H         LINE#         130
  C:4FDCH         LINE#         132
  C:4FDCH         LINE#         133
  C:5005H         LINE#         134
  C:502EH         LINE#         135
  C:5031H         LINE#         136
  C:5033H         LINE#         137
  -------         ENDPROC       _READ_ADS2
  -------         PROC          READ_TP_ONCE
  -------         DO            
  X:00C2H         SYMBOL        re
  X:00C3H         SYMBOL        x1
  X:00C5H         SYMBOL        y1
  -------         ENDDO         
  C:5C9BH         LINE#         139
  C:5C9BH         LINE#         140
  C:5C9BH         LINE#         141
  C:5CA0H         LINE#         143
  C:5CA6H         LINE#         144
  C:5CA6H         LINE#         145
  C:5CC0H         LINE#         146
  C:5CC7H         LINE#         147
  C:5CE1H         LINE#         148
  C:5D09H         LINE#         149
BL51 BANKED LINKER/LOCATER V6.22                                                      12/11/2015  10:51:34  PAGE 25


  C:5D09H         LINE#         150
  C:5D0EH         LINE#         151
  C:5D0EH         LINE#         152
  C:5D10H         LINE#         153
  C:5D15H         LINE#         154
  -------         ENDPROC       READ_TP_ONCE
  -------         PROC          _DROW_TOUCH_POINT
  X:00C7H         SYMBOL        x
  X:00C9H         SYMBOL        y
  C:5034H         LINE#         156
  C:5042H         LINE#         157
  C:5042H         LINE#         158
  C:504BH         LINE#         159
  C:5075H         LINE#         160
  C:50A9H         LINE#         161
  C:50C8H         LINE#         162
  C:50E7H         LINE#         163
  C:5106H         LINE#         164
  C:5125H         LINE#         165
  -------         ENDPROC       _DROW_TOUCH_POINT
  -------         PROC          _TP_DRAW_BIG_POINT
  X:0005H         SYMBOL        x
  X:0007H         SYMBOL        y
  D:0002H         SYMBOL        color
  C:5D16H         LINE#         170
  C:5D24H         LINE#         171
  C:5D24H         LINE#         172
  C:5D2EH         LINE#         174
  C:5D39H         LINE#         175
  C:5D52H         LINE#         176
  C:5D6BH         LINE#         177
  -------         ENDPROC       _TP_DRAW_BIG_POINT
  -------         PROC          CONVERT_POS
  -------         DO            
  D:0006H         SYMBOL        temp
  X:0005H         SYMBOL        l
  -------         ENDDO         
  C:4DCAH         LINE#         181
  C:4DCAH         LINE#         182
  C:4DCAH         LINE#         186
  C:4DCFH         LINE#         188
  C:4DEBH         LINE#         189
  C:4DEBH         LINE#         190
  C:4DF1H         LINE#         191
  C:4E5CH         LINE#         192
  C:4EC7H         LINE#         193
  C:4EC7H         LINE#         195
  C:4ECFH         LINE#         196
  C:4EDCH         LINE#         197
  C:4EE2H         LINE#         198
  C:4EFDH         LINE#         204
  C:4F02H         LINE#         205
  -------         ENDPROC       CONVERT_POS
  -------         PROC          TOUCH_ADJUST
  -------         DO            
  X:0041H         SYMBOL        vx1
  X:0045H         SYMBOL        vx2
BL51 BANKED LINKER/LOCATER V6.22                                                      12/11/2015  10:51:34  PAGE 26


  X:0049H         SYMBOL        vy1
  X:004DH         SYMBOL        vy2
  X:0051H         SYMBOL        chx1
  X:0053H         SYMBOL        chx2
  X:0055H         SYMBOL        chy1
  X:0057H         SYMBOL        chy2
  X:0059H         SYMBOL        lx
  X:005BH         SYMBOL        ly
  X:005DH         SYMBOL        p
  X:007DH         SYMBOL        cnt
  -------         ENDDO         
  C:2332H         LINE#         210
  C:2332H         LINE#         211
  C:2332H         LINE#         216
  C:2337H         LINE#         217
  C:2338H         LINE#         218
  C:2340H         LINE#         219
  C:2348H         LINE#         220
  C:234DH         LINE#         221
  C:2355H         LINE#         222
  C:2355H         LINE#         223
  C:2358H         LINE#         224
  C:2358H         LINE#         225
  C:2358H         LINE#         226
  C:235BH         LINE#         227
  C:235BH         LINE#         228
  C:2361H         LINE#         229
  C:2361H         LINE#         230
  C:2381H         LINE#         231
  C:239DH         LINE#         232
  C:23A3H         LINE#         233
  C:23A3H         LINE#         234
  C:23B5H         LINE#         235
  C:23B5H         LINE#         236
  C:23B5H         LINE#         237
  C:23BCH         LINE#         238
  C:23BFH         LINE#         239
  C:23BFH         LINE#         240
  C:23BFH         LINE#         241
  C:23D1H         LINE#         242
  C:23D4H         LINE#         243
  C:23D4H         LINE#         244
  C:23DBH         LINE#         245
  C:23DEH         LINE#         246
  C:23DEH         LINE#         247
  C:23DEH         LINE#         248
  C:23F0H         LINE#         249
  C:23F3H         LINE#         250
  C:23F3H         LINE#         251
  C:23FAH         LINE#         252
  C:23FDH         LINE#         253
  C:23FDH         LINE#         254
  C:23FDH         LINE#         255
  C:2419H         LINE#         256
  C:241CH         LINE#         257
  C:241CH         LINE#         258
  C:2423H         LINE#         259
BL51 BANKED LINKER/LOCATER V6.22                                                      12/11/2015  10:51:34  PAGE 27


  C:2426H         LINE#         260
  C:2426H         LINE#         261
  C:2426H         LINE#         262
  C:24E5H         LINE#         263
  C:258DH         LINE#         264
  C:2635H         LINE#         265
  C:26DDH         LINE#         267
  C:279CH         LINE#         268
  C:2844H         LINE#         269
  C:28ECH         LINE#         270
  C:2994H         LINE#         273
  C:2AD2H         LINE#         274
  C:2AD2H         LINE#         275
  C:2AD7H         LINE#         276
  C:2ADEH         LINE#         277
  C:2AE9H         LINE#         278
  C:2AECH         LINE#         279
  C:2AECH         LINE#         280
  C:2B52H         LINE#         281
  C:2B94H         LINE#         284
  C:2B9BH         LINE#         285
  C:2BA2H         LINE#         286
  C:2BAAH         LINE#         306
  C:2BBAH         LINE#         307
  C:2C15H         LINE#         308
  C:2C2CH         LINE#         309
  C:2C88H         LINE#         310
  C:2C9FH         LINE#         311
  C:2CFBH         LINE#         312
  C:2D12H         LINE#         313
  C:2D6EH         LINE#         315
  C:2D85H         LINE#         316
  C:2DA5H         LINE#         317
  C:2DBCH         LINE#         318
  C:2DDCH         LINE#         319
  C:2DDFH         LINE#         321
  C:2DE6H         LINE#         323
  C:2DE6H         LINE#         324
  C:2DE6H         LINE#         325
  C:2DE6H         LINE#         326
  -------         ENDPROC       TOUCH_ADJUST
  -------         ENDMOD        TOUCH

  -------         MODULE        LCD
  C:0000H         SYMBOL        _ICE_DUMMY_
  D:0080H         PUBLIC        P0
  D:0090H         PUBLIC        P1
  D:00A0H         PUBLIC        P2
  D:00B0H         PUBLIC        P3
  C:6120H         PUBLIC        _LCD_WR_DATA8
  C:60DEH         PUBLIC        _LCD_WR_REG
  C:5AD4H         PUBLIC        _LCD_Clear
  B:00B0H.3       PUBLIC        LCD_RESET
  C:6060H         PUBLIC        LCD_Reset
  C:6044H         PUBLIC        _LCD_DrawPoint_16Bit
  B:00B0H.2       PUBLIC        LCD_BL
  C:525DH         PUBLIC        LCD_Init
BL51 BANKED LINKER/LOCATER V6.22                                                      12/11/2015  10:51:34  PAGE 28


  B:0090H.3       PUBLIC        LCD_CS
  B:0090H.0       PUBLIC        LCD_RD
  C:60E9H         PUBLIC        _LCD_Write_Bus
  C:6023H         PUBLIC        _LCD_DrawPoint
  C:5E36H         PUBLIC        _LCD_SetWindows
  C:5E70H         PUBLIC        LCD_SetParam
  C:6106H         PUBLIC        LCD_WriteRAM_Prepare
  C:60B6H         PUBLIC        _LCD_WR_DATA
  B:0090H.2       PUBLIC        LCD_RS
  B:0090H.1       PUBLIC        LCD_WR
  C:60F8H         PUBLIC        _LCD_WriteReg
  C:5F41H         PUBLIC        _LCD_SetCursor
  X:007EH         PUBLIC        POINT_COLOR
  X:0080H         PUBLIC        BACK_COLOR
  X:0082H         PUBLIC        lcddev
  -------         PROC          _LCD_WRITE_BUS
  D:0007H         SYMBOL        VH
  D:0005H         SYMBOL        VL
  C:60E9H         LINE#         65
  C:60E9H         LINE#         66
  C:60E9H         LINE#         67
  C:60EBH         LINE#         68
  C:60EDH         LINE#         69
  C:60F1H         LINE#         70
  C:60F3H         LINE#         71
  C:60F5H         LINE#         72
  C:60F7H         LINE#         73
  -------         ENDPROC       _LCD_WRITE_BUS
  -------         PROC          _LCD_WR_DATA8
  D:0007H         SYMBOL        VH
  D:0005H         SYMBOL        VL
  C:6120H         LINE#         87
  C:6120H         LINE#         88
  C:6120H         LINE#         89
  C:6122H         LINE#         90
  -------         ENDPROC       _LCD_WR_DATA8
  C:60D9H         SYMBOL        L?0022
  -------         PROC          L?0021
  -------         ENDPROC       L?0021
  C:60D9H         SYMBOL        L?0022
  -------         PROC          _LCD_WR_REG
  D:0004H         SYMBOL        Reg
  C:60DEH         LINE#         102
  C:60E2H         LINE#         103
  C:60E2H         LINE#         104
  C:60E4H         LINE#         105
  -------         ENDPROC       _LCD_WR_REG
  C:60ACH         SYMBOL        L?0019
  C:60B0H         SYMBOL        L?0020
  -------         PROC          L?0018
  -------         ENDPROC       L?0018
  C:60ACH         SYMBOL        L?0019
  C:60B0H         SYMBOL        L?0020
  -------         PROC          _LCD_WR_DATA
  D:0004H         SYMBOL        Data
  C:60B6H         LINE#         117
  C:60BAH         LINE#         118
BL51 BANKED LINKER/LOCATER V6.22                                                      12/11/2015  10:51:34  PAGE 29


  C:60BAH         LINE#         119
  C:60BCH         LINE#         120
  -------         ENDPROC       _LCD_WR_DATA
  -------         PROC          _LCD_WRITEREG
  D:0006H         SYMBOL        LCD_Reg
  D:0002H         SYMBOL        LCD_RegValue
  C:60F8H         LINE#         133
  C:60FCH         LINE#         134
  C:60FCH         LINE#         135
  C:60FFH         LINE#         136
  -------         ENDPROC       _LCD_WRITEREG
  -------         PROC          LCD_WRITERAM_PREPARE
  C:6106H         LINE#         149
  C:6106H         LINE#         150
  C:6106H         LINE#         151
  -------         ENDPROC       LCD_WRITERAM_PREPARE
  -------         PROC          _LCD_CLEAR
  X:00BCH         SYMBOL        Color
  -------         DO            
  X:00BEH         SYMBOL        index
  -------         ENDDO         
  C:5AD4H         LINE#         164
  C:5ADCH         LINE#         165
  C:5ADCH         LINE#         166
  C:5AE4H         LINE#         167
  C:5B0EH         LINE#         169
  C:5B10H         LINE#         170
  C:5B12H         LINE#         171
  C:5B46H         LINE#         172
  C:5B46H         LINE#         173
  C:5B51H         LINE#         174
  C:5B53H         LINE#         175
  C:5B55H         LINE#         177
  C:5B57H         LINE#         178
  C:5B59H         LINE#         179
  C:5B5BH         LINE#         180
  C:5B7AH         LINE#         181
  C:5B7CH         LINE#         189
  -------         ENDPROC       _LCD_CLEAR
  -------         PROC          _LCD_DRAWPOINT
  D:0006H         SYMBOL        x
  D:0004H         SYMBOL        y
  C:6023H         LINE#         200
  C:6023H         LINE#         201
  C:6023H         LINE#         202
  C:6026H         LINE#         204
  C:6028H         LINE#         205
  C:602AH         LINE#         206
  C:602CH         LINE#         207
  C:6037H         LINE#         208
  C:6039H         LINE#         209
  C:603BH         LINE#         210
  C:603DH         LINE#         211
  C:603FH         LINE#         212
  C:6041H         LINE#         213
  C:6043H         LINE#         217
  -------         ENDPROC       _LCD_DRAWPOINT
BL51 BANKED LINKER/LOCATER V6.22                                                      12/11/2015  10:51:34  PAGE 30


  -------         PROC          _LCD_DRAWPOINT_16BIT
  D:0004H         SYMBOL        color
  C:6044H         LINE#         227
  C:6048H         LINE#         228
  C:6048H         LINE#         230
  C:604AH         LINE#         231
  C:604CH         LINE#         232
  C:604EH         LINE#         233
  C:6051H         LINE#         234
  C:6053H         LINE#         235
  C:6055H         LINE#         236
  C:6059H         LINE#         237
  C:605BH         LINE#         238
  C:605DH         LINE#         239
  C:605FH         LINE#         245
  -------         ENDPROC       _LCD_DRAWPOINT_16BIT
  -------         PROC          LCD_RESET
  C:6060H         LINE#         255
  C:6060H         LINE#         256
  C:6060H         LINE#         257
  C:6062H         LINE#         258
  C:6069H         LINE#         259
  C:606BH         LINE#         260
  C:6072H         LINE#         261
  C:6074H         LINE#         262
  -------         ENDPROC       LCD_RESET
  -------         PROC          LCD_INIT
  C:525DH         LINE#         274
  C:525DH         LINE#         275
  C:525DH         LINE#         276
  C:5260H         LINE#         277
  C:5262H         LINE#         280
  C:5269H         LINE#         281
  C:526EH         LINE#         282
  C:5275H         LINE#         283
  C:527AH         LINE#         284
  C:527FH         LINE#         285
  C:5284H         LINE#         287
  C:5289H         LINE#         288
  C:528EH         LINE#         289
  C:5293H         LINE#         290
  C:5298H         LINE#         292
  C:529DH         LINE#         293
  C:52A2H         LINE#         294
  C:52A7H         LINE#         296
  C:52ACH         LINE#         297
  C:52B1H         LINE#         298
  C:52B6H         LINE#         299
  C:52BBH         LINE#         300
  C:52C0H         LINE#         301
  C:52C5H         LINE#         303
  C:52CAH         LINE#         304
  C:52CFH         LINE#         306
  C:52D4H         LINE#         307
  C:52D9H         LINE#         308
  C:52DEH         LINE#         309
  C:52E3H         LINE#         310
BL51 BANKED LINKER/LOCATER V6.22                                                      12/11/2015  10:51:34  PAGE 31


  C:52E8H         LINE#         311
  C:52EDH         LINE#         312
  C:52F2H         LINE#         313
  C:52F7H         LINE#         314
  C:52FCH         LINE#         315
  C:5301H         LINE#         316
  C:5306H         LINE#         317
  C:530BH         LINE#         318
  C:5310H         LINE#         320
  C:5315H         LINE#         321
  C:531AH         LINE#         323
  C:531FH         LINE#         324
  C:5324H         LINE#         326
  C:5329H         LINE#         327
  C:532EH         LINE#         328
  C:5333H         LINE#         329
  C:5338H         LINE#         330
  C:533DH         LINE#         332
  C:5342H         LINE#         333
  C:5347H         LINE#         334
  C:534CH         LINE#         335
  C:5351H         LINE#         336
  C:5356H         LINE#         337
  C:535BH         LINE#         338
  C:5362H         LINE#         339
  C:5367H         LINE#         343
  C:536AH         LINE#         344
  C:536CH         LINE#         345
  -------         ENDPROC       LCD_INIT
  -------         PROC          _LCD_SETWINDOWS
  X:0039H         SYMBOL        xStar
  X:003BH         SYMBOL        yStar
  D:0002H         SYMBOL        xEnd
  X:003FH         SYMBOL        yEnd
  C:5E36H         LINE#         357
  C:5E44H         LINE#         358
  C:5E44H         LINE#         359
  C:5E47H         LINE#         360
  C:5E4AH         LINE#         361
  C:5E4DH         LINE#         362
  C:5E52H         LINE#         363
  C:5E59H         LINE#         365
  C:5E5FH         LINE#         366
  C:5E62H         LINE#         367
  C:5E65H         LINE#         368
  C:5E6AH         LINE#         369
  C:5E6DH         LINE#         371
  -------         ENDPROC       _LCD_SETWINDOWS
  -------         PROC          _LCD_SETCURSOR
  X:0039H         SYMBOL        Xpos
  D:0002H         SYMBOL        Ypos
  C:5F41H         LINE#         384
  C:5F4DH         LINE#         385
  C:5F4DH         LINE#         386
  C:5F50H         LINE#         387
  C:5F53H         LINE#         388
  C:5F56H         LINE#         391
BL51 BANKED LINKER/LOCATER V6.22                                                      12/11/2015  10:51:34  PAGE 32


  C:5F5CH         LINE#         392
  C:5F63H         LINE#         393
  C:5F6AH         LINE#         395
  -------         ENDPROC       _LCD_SETCURSOR
  -------         PROC          LCD_SETPARAM
  C:5E70H         LINE#         407
  C:5E70H         LINE#         408
  C:5E70H         LINE#         409
  C:5E79H         LINE#         411
  C:5E7FH         LINE#         412
  C:5E87H         LINE#         413
  C:5E8FH         LINE#         414
  C:5E98H         LINE#         415
  C:5E9FH         LINE#         416
  -------         ENDPROC       LCD_SETPARAM
  -------         ENDMOD        LCD

  -------         MODULE        ?C?FPADD
  C:2DEEH         PUBLIC        ?C?FPADD
  C:2DEAH         PUBLIC        ?C?FPSUB
  -------         ENDMOD        ?C?FPADD

  -------         MODULE        ?C?FPMUL
  C:2EDFH         PUBLIC        ?C?FPMUL
  -------         ENDMOD        ?C?FPMUL

  -------         MODULE        ?C?FPDIV
  C:2FE8H         PUBLIC        ?C?FPDIV
  -------         ENDMOD        ?C?FPDIV

  -------         MODULE        ?C?FPCMP
  C:3087H         PUBLIC        ?C?FPCMP
  C:3085H         PUBLIC        ?C?FPCMP3
  -------         ENDMOD        ?C?FPCMP

  -------         MODULE        ?C?FCAST
  C:3108H         PUBLIC        ?C?FCASTC
  C:3103H         PUBLIC        ?C?FCASTI
  C:30FEH         PUBLIC        ?C?FCASTL
  -------         ENDMOD        ?C?FCAST

  -------         MODULE        ?C?CASTF
  C:313CH         PUBLIC        ?C?CASTF
  -------         ENDMOD        ?C?CASTF

  -------         MODULE        ?C?CLDPTR
  C:31BDH         PUBLIC        ?C?CLDPTR
  -------         ENDMOD        ?C?CLDPTR

  -------         MODULE        ?C?CLDOPTR
  C:31D6H         PUBLIC        ?C?CLDOPTR
  -------         ENDMOD        ?C?CLDOPTR

  -------         MODULE        ?C?IMUL
  C:3203H         PUBLIC        ?C?IMUL
  -------         ENDMOD        ?C?IMUL

BL51 BANKED LINKER/LOCATER V6.22                                                      12/11/2015  10:51:34  PAGE 33


  -------         MODULE        ?C?UIDIV
  C:3215H         PUBLIC        ?C?UIDIV
  -------         ENDMOD        ?C?UIDIV

  -------         MODULE        ?C?IILDX
  C:326AH         PUBLIC        ?C?IILDX
  -------         ENDMOD        ?C?IILDX

  -------         MODULE        ?C?ILDIX
  C:3280H         PUBLIC        ?C?ILDIX
  -------         ENDMOD        ?C?ILDIX

  -------         MODULE        ?C?ISTPTR
  C:3296H         PUBLIC        ?C?ISTPTR
  -------         ENDMOD        ?C?ISTPTR

  -------         MODULE        ?C?LMUL
  C:32B5H         PUBLIC        ?C?LMUL
  -------         ENDMOD        ?C?LMUL

  -------         MODULE        ?C?ULDIV
  C:3340H         PUBLIC        ?C?ULDIV
  -------         ENDMOD        ?C?ULDIV

  -------         MODULE        ?C?LNEG
  C:33D2H         PUBLIC        ?C?LNEG
  -------         ENDMOD        ?C?LNEG

  -------         MODULE        ?C?ULCMP
  C:33E0H         PUBLIC        ?C?ULCMP
  -------         ENDMOD        ?C?ULCMP

  -------         MODULE        ?C?LSTXDATA
  C:33F1H         PUBLIC        ?C?LSTXDATA
  -------         ENDMOD        ?C?LSTXDATA

  -------         MODULE        ?C?LSTKXDATA
  C:33FDH         PUBLIC        ?C?LSTKXDATA
  -------         ENDMOD        ?C?LSTKXDATA

  -------         MODULE        ?C?OFFXADD
  C:342EH         PUBLIC        ?C?OFFXADD
  -------         ENDMOD        ?C?OFFXADD

  -------         MODULE        STRLEN
  C:60C1H         PUBLIC        _STRLEN
  -------         ENDMOD        STRLEN

Program Size: data=9.0 xdata=203 code=24869
LINK/LOCATE RUN COMPLETE.  0 WARNING(S),  0 ERROR(S)
